###############################################################################
#
# IAR ELF Linker V7.20.1.7305/W32 for ARM                 19/Aug/2016  01:01:52
# Copyright 2007-2014 IAR Systems AB.
#
#    Output file  =  
#        C:\Prog\STM32PROJ\new_clock_project\EWARM\new_clock_project\Exe\new_clock_project.out
#    Map file     =  
#        C:\Prog\STM32PROJ\new_clock_project\EWARM\new_clock_project/List\new_clock_project.map
#    Command line =  
#        C:\Prog\STM32PROJ\new_clock_project\EWARM\new_clock_project\Obj\gpio.o
#        C:\Prog\STM32PROJ\new_clock_project\EWARM\new_clock_project\Obj\main.o
#        C:\Prog\STM32PROJ\new_clock_project\EWARM\new_clock_project\Obj\rtc.o
#        C:\Prog\STM32PROJ\new_clock_project\EWARM\new_clock_project\Obj\startup_stm32f030x6.o
#        C:\Prog\STM32PROJ\new_clock_project\EWARM\new_clock_project\Obj\stm32f0xx_hal.o
#        C:\Prog\STM32PROJ\new_clock_project\EWARM\new_clock_project\Obj\stm32f0xx_hal_cortex.o
#        C:\Prog\STM32PROJ\new_clock_project\EWARM\new_clock_project\Obj\stm32f0xx_hal_dma.o
#        C:\Prog\STM32PROJ\new_clock_project\EWARM\new_clock_project\Obj\stm32f0xx_hal_flash.o
#        C:\Prog\STM32PROJ\new_clock_project\EWARM\new_clock_project\Obj\stm32f0xx_hal_flash_ex.o
#        C:\Prog\STM32PROJ\new_clock_project\EWARM\new_clock_project\Obj\stm32f0xx_hal_gpio.o
#        C:\Prog\STM32PROJ\new_clock_project\EWARM\new_clock_project\Obj\stm32f0xx_hal_i2c.o
#        C:\Prog\STM32PROJ\new_clock_project\EWARM\new_clock_project\Obj\stm32f0xx_hal_i2c_ex.o
#        C:\Prog\STM32PROJ\new_clock_project\EWARM\new_clock_project\Obj\stm32f0xx_hal_msp.o
#        C:\Prog\STM32PROJ\new_clock_project\EWARM\new_clock_project\Obj\stm32f0xx_hal_pwr.o
#        C:\Prog\STM32PROJ\new_clock_project\EWARM\new_clock_project\Obj\stm32f0xx_hal_pwr_ex.o
#        C:\Prog\STM32PROJ\new_clock_project\EWARM\new_clock_project\Obj\stm32f0xx_hal_rcc.o
#        C:\Prog\STM32PROJ\new_clock_project\EWARM\new_clock_project\Obj\stm32f0xx_hal_rcc_ex.o
#        C:\Prog\STM32PROJ\new_clock_project\EWARM\new_clock_project\Obj\stm32f0xx_hal_rtc.o
#        C:\Prog\STM32PROJ\new_clock_project\EWARM\new_clock_project\Obj\stm32f0xx_hal_rtc_ex.o
#        C:\Prog\STM32PROJ\new_clock_project\EWARM\new_clock_project\Obj\stm32f0xx_hal_tim.o
#        C:\Prog\STM32PROJ\new_clock_project\EWARM\new_clock_project\Obj\stm32f0xx_hal_tim_ex.o
#        C:\Prog\STM32PROJ\new_clock_project\EWARM\new_clock_project\Obj\stm32f0xx_it.o
#        C:\Prog\STM32PROJ\new_clock_project\EWARM\new_clock_project\Obj\system_stm32f0xx.o
#        C:\Prog\STM32PROJ\new_clock_project\EWARM\new_clock_project\Obj\tim.o
#        --redirect _Printf=_PrintfFull --redirect _Scanf=_ScanfFull -o
#        C:\Prog\STM32PROJ\new_clock_project\EWARM\new_clock_project\Exe\new_clock_project.out
#        --map
#        C:\Prog\STM32PROJ\new_clock_project\EWARM\new_clock_project/List\new_clock_project.map
#        --config
#        C:\Prog\STM32PROJ\new_clock_project\EWARM/stm32f030x6_flash.icf
#        --semihosting --entry __iar_program_start --vfe
#
###############################################################################

*******************************************************************************
*** RUNTIME MODEL ATTRIBUTES
***

CppFlavor       = *
__SystemLibrary = DLib


*******************************************************************************
*** PLACEMENT SUMMARY
***

"A1":  place at 0x08000000 { ro section .intvec };
"P1":  place in [from 0x08000000 to 0x08007fff] { ro };
"P2":  place in [from 0x20000000 to 0x20000fff] { rw, block CSTACK, block HEAP };

  Section            Kind        Address    Size  Object
  -------            ----        -------    ----  ------
"A1":                                       0xb0
  .intvec            ro code  0x08000000    0xb0  startup_stm32f030x6.o [1]
                            - 0x080000b0    0xb0

"P1":                                     0x1838
  .text              ro code  0x080000b0   0x55c  stm32f0xx_hal_rcc.o [1]
  .text              ro code  0x0800060c    0x58  stm32f0xx_hal.o [1]
  .text              ro code  0x08000664    0x34  ABImemcpy.o [4]
  .text              ro code  0x08000698    0xe0  I32DivModFast.o [4]
  .text              ro code  0x08000778    0x40  stm32f0xx_hal_msp.o [1]
  .text              ro code  0x080007b8    0xa2  stm32f0xx_hal_cortex.o [1]
  .text              ro code  0x0800085a    0x2a  zero_init3.o [4]
  .text              ro code  0x08000884     0x2  IntDivZer.o [4]
  .text              ro code  0x08000886     0x2  startup_stm32f030x6.o [1]
  .text              ro code  0x08000888   0x496  stm32f0xx_hal_rtc.o [1]
  .text              ro code  0x08000d1e     0x2  startup_stm32f030x6.o [1]
  .text              ro code  0x08000d20    0xbc  rtc.o [1]
  .text              ro code  0x08000ddc   0x2cc  main.o [1]
  .text              ro code  0x080010a8   0x1c8  stm32f0xx_hal_gpio.o [1]
  .text              ro code  0x08001270    0xec  gpio.o [1]
  .text              ro code  0x0800135c    0x64  tim.o [1]
  .text              ro code  0x080013c0   0x218  stm32f0xx_hal_tim.o [1]
  .text              ro code  0x080015d8    0xd0  stm32f0xx_hal_rcc_ex.o [1]
  .text              ro code  0x080016a8     0x4  stm32f0xx_hal_tim_ex.o [1]
  .text              ro code  0x080016ac    0x60  system_stm32f0xx.o [1]
  .text              ro code  0x0800170c    0x40  stm32f0xx_it.o [1]
  .text              ro code  0x0800174c    0x30  copy_init3.o [4]
  .text              ro code  0x0800177c    0x28  data_init.o [4]
  .iar.init_table    const    0x080017a4    0x24  - Linker created -
  .text              ro code  0x080017c8    0x1a  cmain.o [4]
  .text              ro code  0x080017e2     0x4  low_level_init.o [3]
  .text              ro code  0x080017e6     0x8  exit.o [3]
  .text              ro code  0x080017ee     0x2  startup_stm32f030x6.o [1]
  .text              ro code  0x080017f0     0xa  cexit.o [4]
  .text              ro code  0x080017fa     0x2  startup_stm32f030x6.o [1]
  .text              ro code  0x080017fc    0x14  exit.o [5]
  .text              ro code  0x08001810    0x10  startup_stm32f030x6.o [1]
  .text              ro code  0x08001820     0xc  cstartup_M.o [4]
  .text              ro code  0x0800182c     0x2  startup_stm32f030x6.o [1]
  .text              ro code  0x0800182e     0x2  startup_stm32f030x6.o [1]
  .text              ro code  0x08001830     0x2  startup_stm32f030x6.o [1]
  .text              ro code  0x08001832     0x2  startup_stm32f030x6.o [1]
  .text              ro code  0x08001834     0x2  startup_stm32f030x6.o [1]
  .text              ro code  0x08001836     0x2  startup_stm32f030x6.o [1]
  .text              ro code  0x08001838     0x2  startup_stm32f030x6.o [1]
  .text              ro code  0x0800183a     0x2  startup_stm32f030x6.o [1]
  .text              ro code  0x0800183c     0x2  startup_stm32f030x6.o [1]
  .text              ro code  0x0800183e     0x2  startup_stm32f030x6.o [1]
  .text              ro code  0x08001840     0x2  startup_stm32f030x6.o [1]
  .text              ro code  0x08001842     0x2  startup_stm32f030x6.o [1]
  .text              ro code  0x08001844     0x2  startup_stm32f030x6.o [1]
  .text              ro code  0x08001846     0x2  startup_stm32f030x6.o [1]
  .text              ro code  0x08001848     0x2  startup_stm32f030x6.o [1]
  .text              ro code  0x0800184a     0x2  startup_stm32f030x6.o [1]
  .rodata            const    0x0800184c     0x0  zero_init3.o [4]
  .rodata            const    0x0800184c     0x0  copy_init3.o [4]
  Initializer bytes  ro data  0x0800184c    0x9c  <for P2 s0>
                            - 0x080018e8  0x1838

"P2":                                      0x500
  P2 s0                       0x20000000    0x9c  <Init block>
    .data            inited   0x20000000    0x98  main.o [1]
    .data            inited   0x20000098     0x4  system_stm32f0xx.o [1]
  .bss               zero     0x2000009c    0x3c  tim.o [1]
  .bss               zero     0x200000d8    0x20  rtc.o [1]
  .bss               zero     0x200000f8     0x4  main.o [1]
  .bss               zero     0x200000fc     0x4  stm32f0xx_hal.o [1]
  CSTACK                      0x20000100   0x400  <Block>
    CSTACK           uninit   0x20000100   0x400  <Block tail>
                            - 0x20000500   0x500


*******************************************************************************
*** INIT TABLE
***

          Address     Size
          -------     ----
Zero (__iar_zero_init3)
    1 destination range, total size 0x64:
          0x2000009c  0x64

Copy (__iar_copy_init3)
    1 source range, total size 0x9c:
          0x0800184c  0x9c
    1 destination range, total size 0x9c:
          0x20000000  0x9c



*******************************************************************************
*** MODULE SUMMARY
***

    Module                  ro code  ro data  rw data
    ------                  -------  -------  -------
C:\Prog\STM32PROJ\new_clock_project\EWARM\new_clock_project\Obj: [1]
    gpio.o                      236
    main.o                      716      152      156
    rtc.o                       188                32
    startup_stm32f030x6.o       232
    stm32f0xx_hal.o              88                 4
    stm32f0xx_hal_cortex.o      162
    stm32f0xx_hal_gpio.o        456
    stm32f0xx_hal_msp.o          64
    stm32f0xx_hal_rcc.o       1 372
    stm32f0xx_hal_rcc_ex.o      208
    stm32f0xx_hal_rtc.o       1 174
    stm32f0xx_hal_tim.o         536
    stm32f0xx_hal_tim_ex.o        4
    stm32f0xx_it.o               64
    system_stm32f0xx.o           96        4        4
    tim.o                       100                60
    -------------------------------------------------
    Total:                    5 696      156      256

command line: [2]
    -------------------------------------------------
    Total:

dl6M_tlf.a: [3]
    exit.o                        8
    low_level_init.o              4
    -------------------------------------------------
    Total:                       12

rt6M_tl.a: [4]
    ABImemcpy.o                  52
    I32DivModFast.o             224
    IntDivZer.o                   2
    cexit.o                      10
    cmain.o                      26
    copy_init3.o                 48
    cstartup_M.o                 12
    data_init.o                  40
    zero_init3.o                 42
    -------------------------------------------------
    Total:                      456

shb_l.a: [5]
    exit.o                       20
    -------------------------------------------------
    Total:                       20

    Linker created                        36    1 024
-----------------------------------------------------
    Grand Total:              6 184      192    1 280


*******************************************************************************
*** ENTRY LIST
***

Entry                      Address   Size  Type      Object
-----                      -------   ----  ----      ------
?main                   0x080017c9         Code  Gb  cmain.o [4]
ButtonDebounce          0x200000f8    0x4  Data  Gb  main.o [1]
CSTACK$$Base            0x20000100          --   Gb  - Linker created -
CSTACK$$Limit           0x20000500          --   Gb  - Linker created -
Circle                  0x20000000    0x4  Data  Gb  main.o [1]
EXTI4_15_IRQHandler     0x0800171d   0x20  Code  Gb  stm32f0xx_it.o [1]
Error_Handler           0x080010a7    0x2  Code  Gb  main.o [1]
HAL_GPIO_EXTI_Callback  0x08000ddd   0x94  Code  Gb  main.o [1]
HAL_GPIO_EXTI_IRQHandler
                        0x0800123f   0x14  Code  Gb  stm32f0xx_hal_gpio.o [1]
HAL_GPIO_Init           0x080010a9  0x18a  Code  Gb  stm32f0xx_hal_gpio.o [1]
HAL_GPIO_WritePin       0x08001233    0xc  Code  Gb  stm32f0xx_hal_gpio.o [1]
HAL_GetTick             0x08000655    0x6  Code  Wk  stm32f0xx_hal.o [1]
HAL_IncTick             0x0800064b    0xa  Code  Wk  stm32f0xx_hal.o [1]
HAL_Init                0x0800060d   0x1a  Code  Gb  stm32f0xx_hal.o [1]
HAL_InitTick            0x08000627   0x24  Code  Wk  stm32f0xx_hal.o [1]
HAL_MspInit             0x08000779   0x40  Code  Gb  stm32f0xx_hal_msp.o [1]
HAL_NVIC_EnableIRQ      0x080007f3    0xe  Code  Gb  stm32f0xx_hal_cortex.o [1]
HAL_NVIC_SetPriority    0x080007eb    0x8  Code  Gb  stm32f0xx_hal_cortex.o [1]
HAL_RCCEx_PeriphCLKConfig
                        0x080015d9   0xbc  Code  Gb  stm32f0xx_hal_rcc_ex.o [1]
HAL_RCC_ClockConfig     0x08000431  0x112  Code  Gb  stm32f0xx_hal_rcc.o [1]
HAL_RCC_GetHCLKFreq     0x0800059d   0x1c  Code  Gb  stm32f0xx_hal_rcc.o [1]
HAL_RCC_GetSysClockFreq
                        0x08000549   0x52  Code  Gb  stm32f0xx_hal_rcc.o [1]
HAL_RCC_OscConfig       0x080000b1  0x37c  Code  Gb  stm32f0xx_hal_rcc.o [1]
HAL_RTC_GetDate         0x08000b1b   0x3e  Code  Gb  stm32f0xx_hal_rtc.o [1]
HAL_RTC_GetTime         0x08000a0d   0x4c  Code  Gb  stm32f0xx_hal_rtc.o [1]
HAL_RTC_Init            0x08000889   0x92  Code  Gb  stm32f0xx_hal_rtc.o [1]
HAL_RTC_MspInit         0x08000dbb   0x16  Code  Gb  rtc.o [1]
HAL_RTC_SetAlarm        0x08000b61   0xfc  Code  Gb  stm32f0xx_hal_rtc.o [1]
HAL_RTC_SetDate         0x08000a59   0xc2  Code  Gb  stm32f0xx_hal_rtc.o [1]
HAL_RTC_SetTime         0x0800091b   0xf2  Code  Gb  stm32f0xx_hal_rtc.o [1]
HAL_RTC_WaitForSynchro  0x08000c89   0x30  Code  Gb  stm32f0xx_hal_rtc.o [1]
HAL_SYSTICK_CLKSourceConfig
                        0x08000829   0x18  Code  Gb  stm32f0xx_hal_cortex.o [1]
HAL_SYSTICK_Callback    0x08000859    0x2  Code  Wk  stm32f0xx_hal_cortex.o [1]
HAL_SYSTICK_Config      0x08000801   0x28  Code  Gb  stm32f0xx_hal_cortex.o [1]
HAL_SYSTICK_IRQHandler  0x08000851    0x8  Code  Gb  stm32f0xx_hal_cortex.o [1]
HAL_TIMEx_BreakCallback
                        0x080016ab    0x2  Code  Wk  stm32f0xx_hal_tim_ex.o [1]
HAL_TIMEx_CommutationCallback
                        0x080016a9    0x2  Code  Wk  stm32f0xx_hal_tim_ex.o [1]
HAL_TIM_Base_Init       0x080013c1   0x1e  Code  Gb  stm32f0xx_hal_tim.o [1]
HAL_TIM_Base_MspInit    0x08001383   0x32  Code  Gb  tim.o [1]
HAL_TIM_Base_Start_IT   0x080013df   0x14  Code  Gb  stm32f0xx_hal_tim.o [1]
HAL_TIM_IC_CaptureCallback
                        0x0800155d    0x2  Code  Wk  stm32f0xx_hal_tim.o [1]
HAL_TIM_IRQHandler      0x0800140b  0x150  Code  Gb  stm32f0xx_hal_tim.o [1]
HAL_TIM_OC_DelayElapsedCallback
                        0x0800155b    0x2  Code  Wk  stm32f0xx_hal_tim.o [1]
HAL_TIM_PWM_PulseFinishedCallback
                        0x0800155f    0x2  Code  Wk  stm32f0xx_hal_tim.o [1]
HAL_TIM_PeriodElapsedCallback
                        0x08000e71   0xbe  Code  Gb  main.o [1]
HAL_TIM_TriggerCallback
                        0x08001561    0x2  Code  Wk  stm32f0xx_hal_tim.o [1]
HardFault_Handler       0x0800170f    0x2  Code  Gb  stm32f0xx_it.o [1]
MX_GPIO_Init            0x08001271   0xec  Code  Gb  gpio.o [1]
MX_RTC_Init             0x08000d21   0x9a  Code  Gb  rtc.o [1]
MX_TIM16_Init           0x0800135d   0x26  Code  Gb  tim.o [1]
NMI_Handler             0x0800170d    0x2  Code  Gb  stm32f0xx_it.o [1]
NVIC_SetPriority        0x080007b9   0x32  Code  Lc  stm32f0xx_hal_cortex.o [1]
RTC_Bcd2ToByte          0x08000d0f   0x10  Code  Gb  stm32f0xx_hal_rtc.o [1]
RTC_ByteToBcd2          0x08000cf9   0x16  Code  Gb  stm32f0xx_hal_rtc.o [1]
RTC_EnterInitMode       0x08000cbd   0x36  Code  Gb  stm32f0xx_hal_rtc.o [1]
Region$$Table$$Base     0x080017a4          --   Gb  - Linker created -
Region$$Table$$Limit    0x080017c8          --   Gb  - Linker created -
SysTick_Handler         0x08001711    0xc  Code  Gb  stm32f0xx_it.o [1]
SystemClock_Config      0x08001031   0x76  Code  Gb  main.o [1]
SystemCoreClock         0x20000098    0x4  Data  Gb  system_stm32f0xx.o [1]
SystemInit              0x080016ad   0x48  Code  Gb  system_stm32f0xx.o [1]
TIM16_IRQHandler        0x0800173d    0xa  Code  Gb  stm32f0xx_it.o [1]
TIM_Base_SetConfig      0x08001563   0x5c  Code  Gb  stm32f0xx_hal_tim.o [1]
__ICFEDIT_region_RAM_end__ {Abs}
                        0x20000fff          --   Gb  command line/config [2]
__ICFEDIT_region_RAM_start__ {Abs}
                        0x20000000          --   Gb  command line/config [2]
__aeabi_idiv            0x080006c5         Code  Gb  I32DivModFast.o [4]
__aeabi_idiv0           0x08000885         Code  Gb  IntDivZer.o [4]
__aeabi_idivmod         0x080006c5         Code  Gb  I32DivModFast.o [4]
__aeabi_memcpy4         0x08000665         Code  Wk  ABImemcpy.o [4]
__aeabi_uidiv           0x080006cb         Code  Gb  I32DivModFast.o [4]
__aeabi_uidivmod        0x080006cb         Code  Gb  I32DivModFast.o [4]
__as_entries_start      0xffffffff          --   Gb  command line/config [2]
__as_table_start        0xffffffff          --   Gb  command line/config [2]
__cmain                 0x080017c9         Code  Gb  cmain.o [4]
__exit                  0x080017fd   0x14  Code  Gb  exit.o [5]
__iar_copy_init3        0x0800174d   0x30  Code  Gb  copy_init3.o [4]
__iar_data_init3        0x0800177d   0x28  Code  Gb  data_init.o [4]
__iar_program_start     0x08001821         Code  Gb  cstartup_M.o [4]
__iar_zero_init3        0x0800085b   0x2a  Code  Gb  zero_init3.o [4]
__low_level_init        0x080017e3    0x4  Code  Gb  low_level_init.o [3]
__vector_table          0x08000000         Data  Gb  startup_stm32f030x6.o [1]
_call_main              0x080017d5         Code  Gb  cmain.o [4]
_exit                   0x080017f1         Code  Gb  cexit.o [4]
_main                   0x080017df         Code  Gb  cmain.o [4]
aAPBAHBPrescTable       0x080005fc   0x10  Data  Gb  stm32f0xx_hal_rcc.o [1]
exit                    0x080017e7    0x8  Code  Gb  exit.o [3]
hour_pins               0x20000020   0x18  Data  Gb  main.o [1]
hour_ports              0x20000068   0x30  Data  Gb  main.o [1]
hrtc                    0x200000d8   0x20  Data  Gb  rtc.o [1]
htim16                  0x2000009c   0x3c  Data  Gb  tim.o [1]
main                    0x08000f2f   0xf2  Code  Gb  main.o [1]
minute_pins             0x20000008   0x18  Data  Gb  main.o [1]
minute_ports            0x20000038   0x30  Data  Gb  main.o [1]
pwm_counter             0x20000004    0x1  Data  Gb  main.o [1]
uwTick                  0x200000fc    0x4  Data  Lc  stm32f0xx_hal.o [1]


[1] = C:\Prog\STM32PROJ\new_clock_project\EWARM\new_clock_project\Obj
[2] = command line
[3] = dl6M_tlf.a
[4] = rt6M_tl.a
[5] = shb_l.a

  6 184 bytes of readonly  code memory
    192 bytes of readonly  data memory
  1 280 bytes of readwrite data memory

Errors: none
Warnings: none
